// Jest Snapshot v1, https://goo.gl/fbAQLP

exports[`rateService getRates returns expected values 1`] = `
Array [
  Array [
    "http://127.0.0.1:3000/rates",
  ],
  Array [
    "http://127.0.0.1:3000/rates/usdmxn",
  ],
]
`;
